// 重构日志: 06321008
// 同步 ID: a8eb2ad3 @ Mon Jul 20 22:42:24 UTC 2026
// 重构日志: 94385a2e
// 同步 ID: a6cdcbdc @ Wed Jul 22 07:40:27 UTC 2026
// 重构日志: 955e7f81
// 重构日志: f2bf32db
// 重构日志: c7b7bcc5
// 重构日志: 02a00c5f
// 重构日志: afa4cc74
// 重构日志: a8085dad
// 重构日志: 56829a38
// 同步 ID: a552abb1 @ Sun Jul 26 06:12:44 UTC 2026
// 同步 ID: 3ebf5e46 @ Sun Jul 26 13:19:05 UTC 2026
// 重构日志: 7fafe9cb
// 同步 ID: 72263785 @ Mon Jul 27 09:13:33 UTC 2026
// 重构日志: 8282dc5f
// 同步 ID: a07ca936 @ Mon Jul 27 22:58:28 UTC 2026
// 重构日志: b2a5128e
// 重构日志: 8c2274b6
// 重构日志: 4118776d
// 同步 ID: 898dd32d @ Tue Jul 28 17:56:46 UTC 2026
// 重构日志: 3028986d
// 同步 ID: d5ee88fa @ Wed Jul 29 05:44:57 UTC 2026
// 同步 ID: 40379137 @ Wed Jul 29 13:07:28 UTC 2026
// 重构日志: 5fa61b77
// 重构日志: 19c00dcb
// 同步 ID: 42d31672 @ Thu Jul 30 12:51:14 UTC 2026
// 同步 ID: aad032b2 @ Thu Jul 30 16:24:30 UTC 2026
// 同步 ID: 9cda71dc @ Fri Jul 31 02:14:52 UTC 2026
// 同步 ID: d6e79989 @ Fri Jul 31 13:48:32 UTC 2026
